I'm sorry, but errors were detected in your script. Please correct the
errors listed below, and try again.


File "game/special_labels.rpy", line 54: 'with' is not a keyword argument or valid child of the frame statement.
    with Dissolve(10.0)
        ^

Ren'Py Version: Ren'Py 8.2.3.24061702
Mon Sep 30 01:43:39 2024
